PLINK v1.9.0-b.7.11 64-bit (19 Aug 2025)
Options in effect:
  --bfile ../universal_data/preprocessing/chr22_preprocessed
  --extract ../universal_data/preprocessing/chr22_pruned.prune.in
  --out ../universal_data/preprocessing/chr22_pca10
  --pca 10

Hostname: DAVIVOBOOK
Working directory: C:\Users\david\PycharmProjects\GoBi\gobi_gwas\david
Start time: Mon Feb 23 14:38:56 2026

Random number seed: 1771853936
16062 MB RAM detected; reserving 8031 MB for main workspace.
59743 variants loaded from .bim file.
2504 people (0 males, 0 females, 2504 ambiguous) loaded from .fam.
Ambiguous sex IDs written to ../universal_data/preprocessing/chr22_pca10.nosex
.
--extract: 5191 variants remaining.
Using up to 8 threads (change this with --threads).
Before main variant filters, 2504 founders and 0 nonfounders present.
Calculating allele frequencies... done.
Total genotyping rate is 0.999999.
5191 variants and 2504 people pass filters and QC.
Note: No phenotypes present.
Relationship matrix calculation complete.
--pca: Results saved to ../universal_data/preprocessing/chr22_pca10.eigenval
and ../universal_data/preprocessing/chr22_pca10.eigenvec .

End time: Mon Feb 23 14:38:57 2026
