PLINK v1.9.0-b.7.11 64-bit (19 Aug 2025)
Options in effect:
  --bfile ../universal_data/preprocessing/chr22_preprocessed
  --indep-pairwise 200 50 0.2
  --out ../universal_data/preprocessing/chr22_pruned

Hostname: DAVIVOBOOK
Working directory: C:\Users\david\PycharmProjects\GoBi\gobi_gwas\david
Start time: Mon Feb 23 14:38:55 2026

Random number seed: 1771853935
16062 MB RAM detected; reserving 8031 MB for main workspace.
59743 variants loaded from .bim file.
2504 people (0 males, 0 females, 2504 ambiguous) loaded from .fam.
Ambiguous sex IDs written to ../universal_data/preprocessing/chr22_pruned.nosex
.
Using 1 thread (no multithreaded calculations invoked).
Before main variant filters, 2504 founders and 0 nonfounders present.
Calculating allele frequencies... done.
Total genotyping rate is in [0.9999995, 1).
59743 variants and 2504 people pass filters and QC.
Note: No phenotypes present.
Pruned 54552 variants from chromosome 22, leaving 5191.
Pruning complete.  54552 of 59743 variants removed.
Marker lists written to ../universal_data/preprocessing/chr22_pruned.prune.in
and ../universal_data/preprocessing/chr22_pruned.prune.out .

End time: Mon Feb 23 14:38:55 2026
